  CustomContainers.cpp
D:\LaSalle_2yr\Algorithms and Data Patterns\Algorithm_and_Data\CustomContainers\CustomContainers\CustomContainers.cpp(34,23): warning C4267: '=': conversion from 'size_t' to 'T', possible loss of data
D:\LaSalle_2yr\Algorithms and Data Patterns\Algorithm_and_Data\CustomContainers\CustomContainers\CustomContainers.cpp(34,23): warning C4267:         with
D:\LaSalle_2yr\Algorithms and Data Patterns\Algorithm_and_Data\CustomContainers\CustomContainers\CustomContainers.cpp(34,23): warning C4267:         [
D:\LaSalle_2yr\Algorithms and Data Patterns\Algorithm_and_Data\CustomContainers\CustomContainers\CustomContainers.cpp(34,23): warning C4267:             T=int
D:\LaSalle_2yr\Algorithms and Data Patterns\Algorithm_and_Data\CustomContainers\CustomContainers\CustomContainers.cpp(34,23): warning C4267:         ]
D:\LaSalle_2yr\Algorithms and Data Patterns\Algorithm_and_Data\CustomContainers\CustomContainers\CustomContainers.cpp(46,29): warning C4267: 'argument': conversion from 'size_t' to 'const T', possible loss of data
D:\LaSalle_2yr\Algorithms and Data Patterns\Algorithm_and_Data\CustomContainers\CustomContainers\CustomContainers.cpp(46,29): warning C4267:         with
D:\LaSalle_2yr\Algorithms and Data Patterns\Algorithm_and_Data\CustomContainers\CustomContainers\CustomContainers.cpp(46,29): warning C4267:         [
D:\LaSalle_2yr\Algorithms and Data Patterns\Algorithm_and_Data\CustomContainers\CustomContainers\CustomContainers.cpp(46,29): warning C4267:             T=int
D:\LaSalle_2yr\Algorithms and Data Patterns\Algorithm_and_Data\CustomContainers\CustomContainers\CustomContainers.cpp(46,29): warning C4267:         ]
D:\LaSalle_2yr\Algorithms and Data Patterns\Algorithm_and_Data\CustomContainers\CustomContainers\CustomContainers.cpp(199,37): warning C4244: 'argument': conversion from 'int' to 'float', possible loss of data
D:\LaSalle_2yr\Algorithms and Data Patterns\Algorithm_and_Data\CustomContainers\CustomContainers\CustomContainers.cpp(199,33): warning C4244: 'argument': conversion from 'int' to 'float', possible loss of data
D:\LaSalle_2yr\Algorithms and Data Patterns\Algorithm_and_Data\CustomContainers\CustomContainers\CustomContainers.cpp(223,15): warning C4244: 'argument': conversion from 'time_t' to 'unsigned int', possible loss of data
D:\LaSalle_2yr\Algorithms and Data Patterns\Algorithm_and_Data\CustomContainers\CustomContainers\CustomContainers.cpp(428,15): warning C4244: 'argument': conversion from 'time_t' to 'unsigned int', possible loss of data
D:\LaSalle_2yr\Algorithms and Data Patterns\Algorithm_and_Data\CustomContainers\CustomContainers\CustomContainers.cpp(733,49): warning C4267: 'argument': conversion from 'size_t' to 'int', possible loss of data
D:\LaSalle_2yr\Algorithms and Data Patterns\Algorithm_and_Data\CustomContainers\CustomContainers\CustomContainers.cpp(733,46): warning C4267: 'argument': conversion from 'size_t' to 'int', possible loss of data
D:\LaSalle_2yr\Algorithms and Data Patterns\Algorithm_and_Data\CustomContainers\CustomContainers\CustomContainers.cpp(734,45): warning C4267: 'argument': conversion from 'size_t' to 'int', possible loss of data
D:\LaSalle_2yr\Algorithms and Data Patterns\Algorithm_and_Data\CustomContainers\CustomContainers\CustomContainers.cpp(734,42): warning C4267: 'argument': conversion from 'size_t' to 'int', possible loss of data
D:\LaSalle_2yr\Algorithms and Data Patterns\Algorithm_and_Data\CustomContainers\CustomContainers\Globals.h(333,19): warning C4244: 'initializing': conversion from 'double' to 'int', possible loss of data
  (compiling source file 'CustomContainers.cpp')
      D:\LaSalle_2yr\Algorithms and Data Patterns\Algorithm_and_Data\CustomContainers\CustomContainers\Globals.h(333,19):
      the template instantiation context (the oldest one first) is
          D:\LaSalle_2yr\Algorithms and Data Patterns\Algorithm_and_Data\CustomContainers\CustomContainers\Team.h(127,18):
          see reference to function template instantiation 'void Globals::IntroSort<T,Team::OrderPlayers::<lambda_1>>(ContainerIterator<T>,ContainerIterator<T>,Compare)' being compiled
          with
          [
              T=Player,
              Compare=Team::OrderPlayers::<lambda_1>
          ]
  
D:\LaSalle_2yr\Algorithms and Data Patterns\Algorithm_and_Data\CustomContainers\CustomContainers\MSTGraphK.h(78,16): warning C4267: 'initializing': conversion from 'size_t' to 'int', possible loss of data
  (compiling source file 'CustomContainers.cpp')
      D:\LaSalle_2yr\Algorithms and Data Patterns\Algorithm_and_Data\CustomContainers\CustomContainers\MSTGraphK.h(78,16):
      the template instantiation context (the oldest one first) is
          D:\LaSalle_2yr\Algorithms and Data Patterns\Algorithm_and_Data\CustomContainers\CustomContainers\CustomContainers.cpp(784,26):
          see reference to class template instantiation 'MSTGraphK<float>' being compiled
          D:\LaSalle_2yr\Algorithms and Data Patterns\Algorithm_and_Data\CustomContainers\CustomContainers\MSTGraphK.h(76,7):
          while compiling class template member function 'void MSTGraphK<float>::GenerateMST(void)'
              D:\LaSalle_2yr\Algorithms and Data Patterns\Algorithm_and_Data\CustomContainers\CustomContainers\CustomContainers.cpp(759,41):
              see the first reference to 'MSTGraphK<float>::GenerateMST' in 'Assigment7::City::GetToalRoadDistanceKruskal'
  
D:\LaSalle_2yr\Algorithms and Data Patterns\Algorithm_and_Data\CustomContainers\CustomContainers\Map.h(55,13): warning C4267: 'initializing': conversion from 'size_t' to 'int', possible loss of data
  (compiling source file 'CustomContainers.cpp')
      D:\LaSalle_2yr\Algorithms and Data Patterns\Algorithm_and_Data\CustomContainers\CustomContainers\Map.h(55,13):
      the template instantiation context (the oldest one first) is
          D:\LaSalle_2yr\Algorithms and Data Patterns\Algorithm_and_Data\CustomContainers\CustomContainers\CustomContainers.cpp(423,35):
          see reference to class template instantiation 'Map<std::string,Assigment5::KeyItem>' being compiled
          D:\LaSalle_2yr\Algorithms and Data Patterns\Algorithm_and_Data\CustomContainers\CustomContainers\Map.h(53,7):
          while compiling class template member function 'bool Map<std::string,Assigment5::KeyItem>::Remove(const KeyType &)'
          with
          [
              KeyType=std::string
          ]
              D:\LaSalle_2yr\Algorithms and Data Patterns\Algorithm_and_Data\CustomContainers\CustomContainers\CustomContainers.cpp(400,33):
              see the first reference to 'Map<std::string,Assigment5::KeyItem>::Remove' in 'Assigment5::Inventory::UseKey'
  
D:\LaSalle_2yr\Algorithms and Data Patterns\Algorithm_and_Data\CustomContainers\CustomContainers\PriorityQueue.h(24,20): warning C4267: 'argument': conversion from 'size_t' to 'int', possible loss of data
  (compiling source file 'CustomContainers.cpp')
      D:\LaSalle_2yr\Algorithms and Data Patterns\Algorithm_and_Data\CustomContainers\CustomContainers\PriorityQueue.h(24,20):
      the template instantiation context (the oldest one first) is
          D:\LaSalle_2yr\Algorithms and Data Patterns\Algorithm_and_Data\CustomContainers\CustomContainers\CustomContainers.cpp(78,24):
          see reference to class template instantiation 'PriorityQueue<int>' being compiled
          D:\LaSalle_2yr\Algorithms and Data Patterns\Algorithm_and_Data\CustomContainers\CustomContainers\PriorityQueue.h(21,7):
          while compiling class template member function 'void PriorityQueue<int>::Push(const T &)'
          with
          [
              T=int
          ]
              D:\LaSalle_2yr\Algorithms and Data Patterns\Algorithm_and_Data\CustomContainers\CustomContainers\CustomContainers.cpp(82,27):
              see the first reference to 'PriorityQueue<int>::Push' in 'Class4'
  
D:\LaSalle_2yr\Algorithms and Data Patterns\Algorithm_and_Data\CustomContainers\CustomContainers\Globals.h(280,13): warning C4244: 'initializing': conversion from 'ContainerIterator<T>::difference_type' to 'int', possible loss of data
D:\LaSalle_2yr\Algorithms and Data Patterns\Algorithm_and_Data\CustomContainers\CustomContainers\Globals.h(280,13): warning C4244:         with
D:\LaSalle_2yr\Algorithms and Data Patterns\Algorithm_and_Data\CustomContainers\CustomContainers\Globals.h(280,13): warning C4244:         [
D:\LaSalle_2yr\Algorithms and Data Patterns\Algorithm_and_Data\CustomContainers\CustomContainers\Globals.h(280,13): warning C4244:             T=Player
D:\LaSalle_2yr\Algorithms and Data Patterns\Algorithm_and_Data\CustomContainers\CustomContainers\Globals.h(280,13): warning C4244:         ]
  (compiling source file 'CustomContainers.cpp')
      D:\LaSalle_2yr\Algorithms and Data Patterns\Algorithm_and_Data\CustomContainers\CustomContainers\Globals.h(280,13):
      the template instantiation context (the oldest one first) is
          D:\LaSalle_2yr\Algorithms and Data Patterns\Algorithm_and_Data\CustomContainers\CustomContainers\Team.h(127,18):
          see reference to function template instantiation 'void Globals::IntroSort<T,Team::OrderPlayers::<lambda_1>>(ContainerIterator<T>,ContainerIterator<T>,Compare)' being compiled
          with
          [
              T=Player,
              Compare=Team::OrderPlayers::<lambda_1>
          ]
          D:\LaSalle_2yr\Algorithms and Data Patterns\Algorithm_and_Data\CustomContainers\CustomContainers\Globals.h(334,22):
          see reference to function template instantiation 'void Globals::IntroSortHelpers::IntroSortUtil<T,Compare>(ContainerIterator<T>,ContainerIterator<T>,int,Compare)' being compiled
          with
          [
              T=Player,
              Compare=Team::OrderPlayers::<lambda_1>
          ]
          D:\LaSalle_2yr\Algorithms and Data Patterns\Algorithm_and_Data\CustomContainers\CustomContainers\Globals.h(317,5):
          see reference to function template instantiation 'void Globals::HeapSort<T,Compare>(ContainerIterator<T>,ContainerIterator<T>,Compare)' being compiled
          with
          [
              T=Player,
              Compare=Team::OrderPlayers::<lambda_1>
          ]
  
D:\LaSalle_2yr\Algorithms and Data Patterns\Algorithm_and_Data\CustomContainers\CustomContainers\Globals.h(280,13): warning C4244: 'initializing': conversion from 'ContainerIterator<T>::difference_type' to 'int', possible loss of data
D:\LaSalle_2yr\Algorithms and Data Patterns\Algorithm_and_Data\CustomContainers\CustomContainers\Globals.h(280,13): warning C4244:         with
D:\LaSalle_2yr\Algorithms and Data Patterns\Algorithm_and_Data\CustomContainers\CustomContainers\Globals.h(280,13): warning C4244:         [
D:\LaSalle_2yr\Algorithms and Data Patterns\Algorithm_and_Data\CustomContainers\CustomContainers\Globals.h(280,13): warning C4244:             T=int
D:\LaSalle_2yr\Algorithms and Data Patterns\Algorithm_and_Data\CustomContainers\CustomContainers\Globals.h(280,13): warning C4244:         ]
  (compiling source file 'CustomContainers.cpp')
      D:\LaSalle_2yr\Algorithms and Data Patterns\Algorithm_and_Data\CustomContainers\CustomContainers\Globals.h(280,13):
      the template instantiation context (the oldest one first) is
          D:\LaSalle_2yr\Algorithms and Data Patterns\Algorithm_and_Data\CustomContainers\CustomContainers\CustomContainers.cpp(555,14):
          see reference to function template instantiation 'void Globals::IntroSort<T,std::less<int>>(ContainerIterator<T>,ContainerIterator<T>,Compare)' being compiled
          with
          [
              T=int,
              Compare=std::less<int>
          ]
          D:\LaSalle_2yr\Algorithms and Data Patterns\Algorithm_and_Data\CustomContainers\CustomContainers\Globals.h(334,22):
          see reference to function template instantiation 'void Globals::IntroSortHelpers::IntroSortUtil<T,Compare>(ContainerIterator<T>,ContainerIterator<T>,int,Compare)' being compiled
          with
          [
              T=int,
              Compare=std::less<int>
          ]
          D:\LaSalle_2yr\Algorithms and Data Patterns\Algorithm_and_Data\CustomContainers\CustomContainers\Globals.h(317,5):
          see reference to function template instantiation 'void Globals::HeapSort<T,Compare>(ContainerIterator<T>,ContainerIterator<T>,Compare)' being compiled
          with
          [
              T=int,
              Compare=std::less<int>
          ]
  
D:\LaSalle_2yr\Algorithms and Data Patterns\Algorithm_and_Data\CustomContainers\CustomContainers\Globals.h(280,13): warning C4244: 'initializing': conversion from 'ContainerIterator<T>::difference_type' to 'int', possible loss of data
D:\LaSalle_2yr\Algorithms and Data Patterns\Algorithm_and_Data\CustomContainers\CustomContainers\Globals.h(280,13): warning C4244:         with
D:\LaSalle_2yr\Algorithms and Data Patterns\Algorithm_and_Data\CustomContainers\CustomContainers\Globals.h(280,13): warning C4244:         [
D:\LaSalle_2yr\Algorithms and Data Patterns\Algorithm_and_Data\CustomContainers\CustomContainers\Globals.h(280,13): warning C4244:             T=MSTGraphK<float>::Edge
D:\LaSalle_2yr\Algorithms and Data Patterns\Algorithm_and_Data\CustomContainers\CustomContainers\Globals.h(280,13): warning C4244:         ]
  (compiling source file 'CustomContainers.cpp')
      D:\LaSalle_2yr\Algorithms and Data Patterns\Algorithm_and_Data\CustomContainers\CustomContainers\Globals.h(280,13):
      the template instantiation context (the oldest one first) is
          D:\LaSalle_2yr\Algorithms and Data Patterns\Algorithm_and_Data\CustomContainers\CustomContainers\MSTGraphK.h(82,12):
          see reference to function template instantiation 'void Globals::IntroSort<T,MSTGraphK<float>::GenerateMST::<lambda_1>>(ContainerIterator<T>,ContainerIterator<T>,Compare)' being compiled
          with
          [
              T=MSTGraphK<float>::Edge,
              Compare=MSTGraphK<float>::GenerateMST::<lambda_1>
          ]
          D:\LaSalle_2yr\Algorithms and Data Patterns\Algorithm_and_Data\CustomContainers\CustomContainers\Globals.h(334,22):
          see reference to function template instantiation 'void Globals::IntroSortHelpers::IntroSortUtil<T,Compare>(ContainerIterator<T>,ContainerIterator<T>,int,Compare)' being compiled
          with
          [
              T=MSTGraphK<float>::Edge,
              Compare=MSTGraphK<float>::GenerateMST::<lambda_1>
          ]
          D:\LaSalle_2yr\Algorithms and Data Patterns\Algorithm_and_Data\CustomContainers\CustomContainers\Globals.h(317,5):
          see reference to function template instantiation 'void Globals::HeapSort<T,Compare>(ContainerIterator<T>,ContainerIterator<T>,Compare)' being compiled
          with
          [
              T=MSTGraphK<float>::Edge,
              Compare=MSTGraphK<float>::GenerateMST::<lambda_1>
          ]
  
  CustomContainers.vcxproj -> D:\LaSalle_2yr\Algorithms and Data Patterns\Algorithm_and_Data\CustomContainers\x64\Debug\CustomContainers.exe
